// Jest Snapshot v1, https://goo.gl/fbAQLP

exports[`verseSpan  test getBestVerseFromChapter() 1`] = `null`;

exports[`verseSpan  test getVerse() 1`] = `
{
  "verseData": {
    "verseObjects": [
      {
        "children": [
          {
            "children": [
              {
                "children": [
                  {
                    "occurrence": 1,
                    "occurrences": 1,
                    "tag": "w",
                    "text": "This",
                    "type": "word",
                  },
                  {
                    "text": " ",
                    "type": "text",
                  },
                  {
                    "occurrence": 1,
                    "occurrences": 1,
                    "tag": "w",
                    "text": "is",
                    "type": "word",
                  },
                  {
                    "text": " ",
                    "type": "text",
                  },
                  {
                    "occurrence": 1,
                    "occurrences": 2,
                    "tag": "w",
                    "text": "what",
                    "type": "word",
                  },
                  {
                    "text": " ",
                    "type": "text",
                  },
                  {
                    "occurrence": 1,
                    "occurrences": 1,
                    "tag": "w",
                    "text": "happened",
                    "type": "word",
                  },
                ],
                "content": "γὰρ",
                "endTag": "zaln-e\\*",
                "lemma": "γάρ",
                "morph": "Gr,CC,,,,,,,,",
                "occurrence": 1,
                "occurrences": 1,
                "ref": "2:12",
                "strong": "G10630",
                "tag": "zaln",
                "type": "milestone",
              },
            ],
            "content": "τοῦ",
            "endTag": "zaln-e\\*",
            "lemma": "ὁ",
            "morph": "Gr,RD,,,,GNS,",
            "occurrence": 1,
            "occurrences": 1,
            "ref": "2:12",
            "strong": "G35880",
            "tag": "zaln",
            "type": "milestone",
          },
        ],
        "content": "πρὸ",
        "endTag": "zaln-e\\*",
        "lemma": "πρό",
        "morph": "Gr,P,,,,,G,,,",
        "occurrence": 1,
        "occurrences": 1,
        "ref": "2:12",
        "strong": "G42530",
        "tag": "zaln",
        "type": "milestone",
      },
      {
        "text": ". ",
        "type": "text",
      },
      {
        "children": [
          {
            "occurrence": 1,
            "occurrences": 4,
            "tag": "w",
            "text": "Peter",
            "type": "word",
          },
        ],
        "content": "Κηφᾶς",
        "endTag": "zaln-e\\*",
        "lemma": "Κηφᾶς",
        "morph": "Gr,N,,,,,NMS,",
        "occurrence": 1,
        "occurrences": 1,
        "ref": "2:11",
        "strong": "G27860",
        "tag": "zaln",
        "type": "milestone",
      },
      {
        "text": " ",
        "type": "text",
      },
      {
        "children": [
          {
            "occurrence": 1,
            "occurrences": 1,
            "tag": "w",
            "text": "went",
            "type": "word",
          },
        ],
        "content": "ἦλθεν",
        "endTag": "zaln-e\\*",
        "lemma": "ἔρχομαι",
        "morph": "Gr,V,IAA3,,S,",
        "occurrence": 1,
        "occurrences": 1,
        "ref": "2:11",
        "strong": "G20640",
        "tag": "zaln",
        "type": "milestone",
      },
      {
        "text": " ",
        "type": "text",
      },
      {
        "children": [
          {
            "occurrence": 1,
            "occurrences": 3,
            "tag": "w",
            "text": "to",
            "type": "word",
          },
        ],
        "content": "εἰς",
        "endTag": "zaln-e\\*",
        "lemma": "εἰς",
        "morph": "Gr,P,,,,,A,,,",
        "occurrence": 1,
        "occurrences": 1,
        "ref": "2:11",
        "strong": "G15190",
        "tag": "zaln",
        "type": "milestone",
      },
      {
        "text": " ",
        "type": "text",
      },
      {
        "children": [
          {
            "occurrence": 1,
            "occurrences": 4,
            "tag": "w",
            "text": "Antioch",
            "type": "word",
          },
        ],
        "content": "Ἀντιόχειαν",
        "endTag": "zaln-e\\*",
        "lemma": "Ἀντιόχεια",
        "morph": "Gr,N,,,,,AFS,",
        "occurrence": 1,
        "occurrences": 1,
        "ref": "2:11",
        "strong": "G04900",
        "tag": "zaln",
        "type": "milestone",
      },
      {
        "text": " ",
        "type": "text",
      },
      {
        "children": [
          {
            "children": [
              {
                "children": [
                  {
                    "occurrence": 1,
                    "occurrences": 3,
                    "tag": "w",
                    "text": "and",
                    "type": "word",
                  },
                  {
                    "text": " ",
                    "type": "text",
                  },
                  {
                    "occurrence": 1,
                    "occurrences": 1,
                    "tag": "w",
                    "text": "started",
                    "type": "word",
                  },
                  {
                    "text": " ",
                    "type": "text",
                  },
                  {
                    "occurrence": 1,
                    "occurrences": 3,
                    "tag": "w",
                    "text": "eating",
                    "type": "word",
                  },
                  {
                    "text": " ",
                    "type": "text",
                  },
                  {
                    "occurrence": 1,
                    "occurrences": 1,
                    "tag": "w",
                    "text": "regularly",
                    "type": "word",
                  },
                ],
                "content": "ἦλθον",
                "endTag": "zaln-e\\*",
                "lemma": "ἔρχομαι",
                "morph": "Gr,V,IAA3,,P,",
                "occurrence": 1,
                "occurrences": 1,
                "ref": "2:12",
                "strong": "G20640",
                "tag": "zaln",
                "type": "milestone",
              },
            ],
            "content": "ὅτε",
            "endTag": "zaln-e\\*",
            "lemma": "ὅτε",
            "morph": "Gr,CS,,,,,,,,",
            "occurrence": 1,
            "occurrences": 1,
            "ref": "2:12",
            "strong": "G37530",
            "tag": "zaln",
            "type": "milestone",
          },
        ],
        "content": "συνήσθιεν",
        "endTag": "zaln-e\\*",
        "lemma": "συνεσθίω",
        "morph": "Gr,V,IIA3,,S,",
        "occurrence": 1,
        "occurrences": 1,
        "ref": "2:12",
        "strong": "G49060",
        "tag": "zaln",
        "type": "milestone",
      },
      {
        "text": " ",
        "type": "text",
      },
      {
        "children": [
          {
            "occurrence": 1,
            "occurrences": 6,
            "tag": "w",
            "text": "with",
            "type": "word",
          },
        ],
        "content": "μετὰ",
        "endTag": "zaln-e\\*",
        "lemma": "μετά",
        "morph": "Gr,P,,,,,G,,,",
        "occurrence": 1,
        "occurrences": 1,
        "ref": "2:12",
        "strong": "G33260",
        "tag": "zaln",
        "type": "milestone",
      },
      {
        "text": " ",
        "type": "text",
      },
      {
        "children": [
          {
            "occurrence": 1,
            "occurrences": 11,
            "tag": "w",
            "text": "the",
            "type": "word",
          },
        ],
        "content": "τῶν",
        "endTag": "zaln-e\\*",
        "lemma": "ὁ",
        "morph": "Gr,EA,,,,GNP,",
        "occurrence": 1,
        "occurrences": 1,
        "ref": "2:12",
        "strong": "G35880",
        "tag": "zaln",
        "type": "milestone",
      },
      {
        "text": " ",
        "type": "text",
      },
      {
        "children": [
          {
            "occurrence": 1,
            "occurrences": 5,
            "tag": "w",
            "text": "non",
            "type": "word",
          },
          {
            "text": "-",
            "type": "text",
          },
          {
            "occurrence": 1,
            "occurrences": 8,
            "tag": "w",
            "text": "Jewish",
            "type": "word",
          },
          {
            "text": " ",
            "type": "text",
          },
          {
            "occurrence": 1,
            "occurrences": 9,
            "tag": "w",
            "text": "believers",
            "type": "word",
          },
          {
            "text": " ",
            "type": "text",
          },
          {
            "occurrence": 1,
            "occurrences": 3,
            "tag": "w",
            "text": "there",
            "type": "word",
          },
        ],
        "content": "ἐθνῶν",
        "endTag": "zaln-e\\*",
        "lemma": "ἔθνος",
        "morph": "Gr,N,,,,,GNP,",
        "occurrence": 1,
        "occurrences": 1,
        "ref": "2:12",
        "strong": "G14840",
        "tag": "zaln",
        "type": "milestone",
      },
      {
        "text": ". ",
        "type": "text",
      },
      {
        "children": [
          {
            "children": [
              {
                "occurrence": 1,
                "occurrences": 1,
                "tag": "w",
                "text": "Later",
                "type": "word",
              },
            ],
            "content": "δὲ",
            "endTag": "zaln-e\\*",
            "lemma": "δέ",
            "morph": "Gr,CC,,,,,,,,",
            "occurrence": 1,
            "occurrences": 1,
            "ref": "2:12",
            "strong": "G11610",
            "tag": "zaln",
            "type": "milestone",
          },
        ],
        "content": "ὅτε",
        "endTag": "zaln-e\\*",
        "lemma": "ὅτε",
        "morph": "Gr,CS,,,,,,,,",
        "occurrence": 1,
        "occurrences": 1,
        "ref": "2:11",
        "strong": "G37530",
        "tag": "zaln",
        "type": "milestone",
      },
      {
        "text": " ",
        "type": "text",
      },
      {
        "children": [
          {
            "occurrence": 2,
            "occurrences": 3,
            "tag": "w",
            "text": "there",
            "type": "word",
          },
          {
            "text": " ",
            "type": "text",
          },
          {
            "occurrence": 1,
            "occurrences": 6,
            "tag": "w",
            "text": "were",
            "type": "word",
          },
          {
            "text": " ",
            "type": "text",
          },
          {
            "occurrence": 1,
            "occurrences": 2,
            "tag": "w",
            "text": "certain",
            "type": "word",
          },
          {
            "text": " ",
            "type": "text",
          },
          {
            "occurrence": 2,
            "occurrences": 8,
            "tag": "w",
            "text": "Jewish",
            "type": "word",
          },
          {
            "text": " ",
            "type": "text",
          },
          {
            "occurrence": 2,
            "occurrences": 9,
            "tag": "w",
            "text": "believers",
            "type": "word",
          },
        ],
        "content": "τινας",
        "endTag": "zaln-e\\*",
        "lemma": "τις",
        "morph": "Gr,RI,,,,AMP,",
        "occurrence": 1,
        "occurrences": 1,
        "ref": "2:12",
        "strong": "G51000",
        "tag": "zaln",
        "type": "milestone",
      },
      {
        "text": " ",
        "type": "text",
      },
      {
        "children": [
          {
            "occurrence": 1,
            "occurrences": 4,
            "tag": "w",
            "text": "who",
            "type": "word",
          },
          {
            "text": " ",
            "type": "text",
          },
          {
            "occurrence": 1,
            "occurrences": 2,
            "tag": "w",
            "text": "came",
            "type": "word",
          },
          {
            "text": " ",
            "type": "text",
          },
          {
            "occurrence": 2,
            "occurrences": 3,
            "tag": "w",
            "text": "to",
            "type": "word",
          },
          {
            "text": " ",
            "type": "text",
          },
          {
            "occurrence": 2,
            "occurrences": 4,
            "tag": "w",
            "text": "Antioch",
            "type": "word",
          },
        ],
        "content": "ἐλθεῖν",
        "endTag": "zaln-e\\*",
        "lemma": "ἔρχομαι",
        "morph": "Gr,V,NAA,,,,,",
        "occurrence": 1,
        "occurrences": 1,
        "ref": "2:12",
        "strong": "G20640",
        "tag": "zaln",
        "type": "milestone",
      },
      {
        "text": ", ",
        "type": "text",
      },
      {
        "children": [
          {
            "occurrence": 2,
            "occurrences": 4,
            "tag": "w",
            "text": "who",
            "type": "word",
          },
          {
            "text": " ",
            "type": "text",
          },
          {
            "occurrence": 2,
            "occurrences": 6,
            "tag": "w",
            "text": "were",
            "type": "word",
          },
        ],
        "content": "τινας",
        "endTag": "zaln-e\\*",
        "lemma": "τις",
        "morph": "Gr,RI,,,,AMP,",
        "occurrence": 1,
        "occurrences": 1,
        "ref": "2:12",
        "strong": "G51000",
        "tag": "zaln",
        "type": "milestone",
      },
      {
        "text": " ",
        "type": "text",
      },
      {
        "children": [
          {
            "occurrence": 1,
            "occurrences": 1,
            "tag": "w",
            "text": "sent",
            "type": "word",
          },
          {
            "text": " ",
            "type": "text",
          },
          {
            "occurrence": 1,
            "occurrences": 1,
            "tag": "w",
            "text": "by",
            "type": "word",
          },
        ],
        "content": "ἀπὸ",
        "endTag": "zaln-e\\*",
        "lemma": "ἀπό",
        "morph": "Gr,P,,,,,G,,,",
        "occurrence": 1,
        "occurrences": 1,
        "ref": "2:12",
        "strong": "G05750",
        "tag": "zaln",
        "type": "milestone",
      },
      {
        "text": " ",
        "type": "text",
      },
      {
        "children": [
          {
            "occurrence": 1,
            "occurrences": 1,
            "tag": "w",
            "text": "James",
            "type": "word",
          },
        ],
        "content": "Ἰακώβου",
        "endTag": "zaln-e\\*",
        "lemma": "Ἰάκωβος",
        "morph": "Gr,N,,,,,GMS,",
        "occurrence": 1,
        "occurrences": 1,
        "ref": "2:12",
        "strong": "G23850",
        "tag": "zaln",
        "type": "milestone",
      },
      {
        "text": "{, ",
        "type": "text",
      },
      {
        "children": [
          {
            "occurrence": 2,
            "occurrences": 11,
            "tag": "w",
            "text": "the",
            "type": "word",
          },
          {
            "text": " ",
            "type": "text",
          },
          {
            "occurrence": 1,
            "occurrences": 1,
            "tag": "w",
            "text": "leader",
            "type": "word",
          },
          {
            "text": " ",
            "type": "text",
          },
          {
            "occurrence": 1,
            "occurrences": 2,
            "tag": "w",
            "text": "of",
            "type": "word",
          },
          {
            "text": " ",
            "type": "text",
          },
          {
            "occurrence": 3,
            "occurrences": 11,
            "tag": "w",
            "text": "the",
            "type": "word",
          },
          {
            "text": " ",
            "type": "text",
          },
          {
            "occurrence": 3,
            "occurrences": 9,
            "tag": "w",
            "text": "believers",
            "type": "word",
          },
          {
            "text": " ",
            "type": "text",
          },
          {
            "occurrence": 1,
            "occurrences": 5,
            "tag": "w",
            "text": "in",
            "type": "word",
          },
          {
            "text": " ",
            "type": "text",
          },
          {
            "occurrence": 1,
            "occurrences": 1,
            "tag": "w",
            "text": "Jerusalem",
            "type": "word",
          },
        ],
        "content": "Ἰακώβου",
        "endTag": "zaln-e\\*",
        "lemma": "Ἰάκωβος",
        "morph": "Gr,N,,,,,GMS,",
        "occurrence": 1,
        "occurrences": 1,
        "ref": "2:12",
        "strong": "G23850",
        "tag": "zaln",
        "type": "milestone",
      },
      {
        "text": "}. {",
        "type": "text",
      },
      {
        "children": [
          {
            "occurrence": 1,
            "occurrences": 1,
            "tag": "w",
            "text": "These",
            "type": "word",
          },
          {
            "text": " ",
            "type": "text",
          },
          {
            "occurrence": 1,
            "occurrences": 1,
            "tag": "w",
            "text": "men",
            "type": "word",
          },
          {
            "text": " ",
            "type": "text",
          },
          {
            "occurrence": 1,
            "occurrences": 1,
            "tag": "w",
            "text": "reported",
            "type": "word",
          },
          {
            "text": " ",
            "type": "text",
          },
          {
            "occurrence": 1,
            "occurrences": 6,
            "tag": "w",
            "text": "that",
            "type": "word",
          },
          {
            "text": " ",
            "type": "text",
          },
          {
            "occurrence": 4,
            "occurrences": 11,
            "tag": "w",
            "text": "the",
            "type": "word",
          },
          {
            "text": " ",
            "type": "text",
          },
          {
            "occurrence": 1,
            "occurrences": 3,
            "tag": "w",
            "text": "Jews",
            "type": "word",
          },
          {
            "text": " ",
            "type": "text",
          },
          {
            "occurrence": 3,
            "occurrences": 4,
            "tag": "w",
            "text": "who",
            "type": "word",
          },
          {
            "text": " ",
            "type": "text",
          },
          {
            "occurrence": 1,
            "occurrences": 1,
            "tag": "w",
            "text": "did",
            "type": "word",
          },
          {
            "text": " ",
            "type": "text",
          },
          {
            "occurrence": 1,
            "occurrences": 3,
            "tag": "w",
            "text": "not",
            "type": "word",
          },
          {
            "text": " ",
            "type": "text",
          },
          {
            "occurrence": 1,
            "occurrences": 1,
            "tag": "w",
            "text": "believe",
            "type": "word",
          },
          {
            "text": " ",
            "type": "text",
          },
          {
            "occurrence": 2,
            "occurrences": 5,
            "tag": "w",
            "text": "in",
            "type": "word",
          },
          {
            "text": " ",
            "type": "text",
          },
          {
            "occurrence": 1,
            "occurrences": 1,
            "tag": "w",
            "text": "Jesus",
            "type": "word",
          },
          {
            "text": " ",
            "type": "text",
          },
          {
            "occurrence": 5,
            "occurrences": 11,
            "tag": "w",
            "text": "the",
            "type": "word",
          },
          {
            "text": " ",
            "type": "text",
          },
          {
            "occurrence": 1,
            "occurrences": 1,
            "tag": "w",
            "text": "Messiah",
            "type": "word",
          },
          {
            "text": " ",
            "type": "text",
          },
          {
            "occurrence": 3,
            "occurrences": 6,
            "tag": "w",
            "text": "were",
            "type": "word",
          },
          {
            "text": " ",
            "type": "text",
          },
          {
            "occurrence": 1,
            "occurrences": 1,
            "tag": "w",
            "text": "angry",
            "type": "word",
          },
          {
            "text": " ",
            "type": "text",
          },
          {
            "occurrence": 1,
            "occurrences": 2,
            "tag": "w",
            "text": "when",
            "type": "word",
          },
          {
            "text": " ",
            "type": "text",
          },
          {
            "occurrence": 1,
            "occurrences": 4,
            "tag": "w",
            "text": "they",
            "type": "word",
          },
          {
            "text": " ",
            "type": "text",
          },
          {
            "occurrence": 1,
            "occurrences": 1,
            "tag": "w",
            "text": "heard",
            "type": "word",
          },
          {
            "text": " ",
            "type": "text",
          },
          {
            "occurrence": 2,
            "occurrences": 6,
            "tag": "w",
            "text": "that",
            "type": "word",
          },
          {
            "text": " ",
            "type": "text",
          },
          {
            "occurrence": 3,
            "occurrences": 8,
            "tag": "w",
            "text": "Jewish",
            "type": "word",
          },
          {
            "text": " ",
            "type": "text",
          },
          {
            "occurrence": 4,
            "occurrences": 9,
            "tag": "w",
            "text": "believers",
            "type": "word",
          },
          {
            "text": " ",
            "type": "text",
          },
          {
            "occurrence": 4,
            "occurrences": 6,
            "tag": "w",
            "text": "were",
            "type": "word",
          },
          {
            "text": " ",
            "type": "text",
          },
          {
            "occurrence": 1,
            "occurrences": 1,
            "tag": "w",
            "text": "no",
            "type": "word",
          },
          {
            "text": " ",
            "type": "text",
          },
          {
            "occurrence": 1,
            "occurrences": 1,
            "tag": "w",
            "text": "longer",
            "type": "word",
          },
          {
            "text": " ",
            "type": "text",
          },
          {
            "occurrence": 1,
            "occurrences": 1,
            "tag": "w",
            "text": "following",
            "type": "word",
          },
          {
            "text": " ",
            "type": "text",
          },
          {
            "occurrence": 2,
            "occurrences": 2,
            "tag": "w",
            "text": "certain",
            "type": "word",
          },
          {
            "text": " ",
            "type": "text",
          },
          {
            "occurrence": 4,
            "occurrences": 8,
            "tag": "w",
            "text": "Jewish",
            "type": "word",
          },
          {
            "text": " ",
            "type": "text",
          },
          {
            "occurrence": 1,
            "occurrences": 1,
            "tag": "w",
            "text": "laws",
            "type": "word",
          },
        ],
        "content": "τινας",
        "endTag": "zaln-e\\*",
        "lemma": "τις",
        "morph": "Gr,RI,,,,AMP,",
        "occurrence": 1,
        "occurrences": 1,
        "ref": "2:12",
        "strong": "G51000",
        "tag": "zaln",
        "type": "milestone",
      },
      {
        "text": " ",
        "type": "text",
      },
      {
        "children": [
          {
            "occurrence": 2,
            "occurrences": 3,
            "tag": "w",
            "text": "and",
            "type": "word",
          },
        ],
        "content": "καὶ",
        "endTag": "zaln-e\\*",
        "lemma": "καί",
        "morph": "Gr,CC,,,,,,,,",
        "occurrence": 1,
        "occurrences": 3,
        "ref": "2:13",
        "strong": "G25320",
        "tag": "zaln",
        "type": "milestone",
      },
      {
        "text": " ",
        "type": "text",
      },
      {
        "children": [
          {
            "occurrence": 5,
            "occurrences": 6,
            "tag": "w",
            "text": "were",
            "type": "word",
          },
          {
            "text": " ",
            "type": "text",
          },
          {
            "occurrence": 2,
            "occurrences": 3,
            "tag": "w",
            "text": "eating",
            "type": "word",
          },
          {
            "text": " ",
            "type": "text",
          },
          {
            "occurrence": 2,
            "occurrences": 6,
            "tag": "w",
            "text": "with",
            "type": "word",
          },
          {
            "text": " ",
            "type": "text",
          },
          {
            "occurrence": 2,
            "occurrences": 5,
            "tag": "w",
            "text": "non",
            "type": "word",
          },
          {
            "text": "-",
            "type": "text",
          },
          {
            "occurrence": 2,
            "occurrences": 3,
            "tag": "w",
            "text": "Jews",
            "type": "word",
          },
        ],
        "content": "τινας",
        "endTag": "zaln-e\\*",
        "lemma": "τις",
        "morph": "Gr,RI,,,,AMP,",
        "occurrence": 1,
        "occurrences": 1,
        "ref": "2:12",
        "strong": "G51000",
        "tag": "zaln",
        "type": "milestone",
      },
      {
        "text": ".} ",
        "type": "text",
      },
      {
        "children": [
          {
            "children": [
              {
                "occurrence": 2,
                "occurrences": 4,
                "tag": "w",
                "text": "Peter",
                "type": "word",
              },
              {
                "text": " ",
                "type": "text",
              },
              {
                "occurrence": 1,
                "occurrences": 1,
                "tag": "w",
                "text": "then",
                "type": "word",
              },
              {
                "text": " ",
                "type": "text",
              },
              {
                "occurrence": 1,
                "occurrences": 1,
                "tag": "w",
                "text": "gradually",
                "type": "word",
              },
              {
                "text": " ",
                "type": "text",
              },
              {
                "occurrence": 1,
                "occurrences": 1,
                "tag": "w",
                "text": "stopped",
                "type": "word",
              },
              {
                "text": " ",
                "type": "text",
              },
              {
                "occurrence": 3,
                "occurrences": 3,
                "tag": "w",
                "text": "eating",
                "type": "word",
              },
            ],
            "content": "καὶ",
            "endTag": "zaln-e\\*",
            "lemma": "καί",
            "morph": "Gr,CC,,,,,,,,",
            "occurrence": 1,
            "occurrences": 1,
            "ref": "2:12",
            "strong": "G25320",
            "tag": "zaln",
            "type": "milestone",
          },
        ],
        "content": "ὑπέστελλεν",
        "endTag": "zaln-e\\*",
        "lemma": "ὑποστέλλω",
        "morph": "Gr,V,IIA3,,S,",
        "occurrence": 1,
        "occurrences": 1,
        "ref": "2:12",
        "strong": "G52880",
        "tag": "zaln",
        "type": "milestone",
      },
      {
        "text": " ",
        "type": "text",
      },
      {
        "children": [
          {
            "occurrence": 3,
            "occurrences": 6,
            "tag": "w",
            "text": "with",
            "type": "word",
          },
        ],
        "content": "μετὰ",
        "endTag": "zaln-e\\*",
        "lemma": "μετά",
        "morph": "Gr,P,,,,,G,,,",
        "occurrence": 1,
        "occurrences": 1,
        "ref": "2:12",
        "strong": "G33260",
        "tag": "zaln",
        "type": "milestone",
      },
      {
        "text": " ",
        "type": "text",
      },
      {
        "children": [
          {
            "occurrence": 6,
            "occurrences": 11,
            "tag": "w",
            "text": "the",
            "type": "word",
          },
        ],
        "content": "τῶν",
        "endTag": "zaln-e\\*",
        "lemma": "ὁ",
        "morph": "Gr,EA,,,,GNP,",
        "occurrence": 1,
        "occurrences": 1,
        "ref": "2:12",
        "strong": "G35880",
        "tag": "zaln",
        "type": "milestone",
      },
      {
        "text": " ",
        "type": "text",
      },
      {
        "children": [
          {
            "occurrence": 3,
            "occurrences": 5,
            "tag": "w",
            "text": "non",
            "type": "word",
          },
          {
            "text": "-",
            "type": "text",
          },
          {
            "occurrence": 5,
            "occurrences": 8,
            "tag": "w",
            "text": "Jewish",
            "type": "word",
          },
          {
            "text": " ",
            "type": "text",
          },
          {
            "occurrence": 5,
            "occurrences": 9,
            "tag": "w",
            "text": "believers",
            "type": "word",
          },
        ],
        "content": "ἐθνῶν",
        "endTag": "zaln-e\\*",
        "lemma": "ἔθνος",
        "morph": "Gr,N,,,,,GNP,",
        "occurrence": 1,
        "occurrences": 1,
        "ref": "2:12",
        "strong": "G14840",
        "tag": "zaln",
        "type": "milestone",
      },
      {
        "text": " ",
        "type": "text",
      },
      {
        "children": [
          {
            "occurrence": 3,
            "occurrences": 3,
            "tag": "w",
            "text": "and",
            "type": "word",
          },
        ],
        "content": "καὶ",
        "endTag": "zaln-e\\*",
        "lemma": "καί",
        "morph": "Gr,D,,,,,,,,,",
        "occurrence": 3,
        "occurrences": 3,
        "ref": "2:13",
        "strong": "G25320",
        "tag": "zaln",
        "type": "milestone",
      },
      {
        "text": " ",
        "type": "text",
      },
      {
        "children": [
          {
            "occurrence": 1,
            "occurrences": 3,
            "tag": "w",
            "text": "he",
            "type": "word",
          },
        ],
        "content": "ἑαυτόν",
        "endTag": "zaln-e\\*",
        "lemma": "ἑαυτοῦ",
        "morph": "Gr,RE,,,3AMS,",
        "occurrence": 1,
        "occurrences": 1,
        "ref": "2:12",
        "strong": "G14380",
        "tag": "zaln",
        "type": "milestone",
      },
      {
        "text": " ",
        "type": "text",
      },
      {
        "children": [
          {
            "occurrence": 1,
            "occurrences": 2,
            "tag": "w",
            "text": "would",
            "type": "word",
          },
          {
            "text": " ",
            "type": "text",
          },
          {
            "occurrence": 2,
            "occurrences": 3,
            "tag": "w",
            "text": "not",
            "type": "word",
          },
          {
            "text": " ",
            "type": "text",
          },
          {
            "occurrence": 1,
            "occurrences": 1,
            "tag": "w",
            "text": "associate",
            "type": "word",
          },
          {
            "text": " ",
            "type": "text",
          },
          {
            "occurrence": 4,
            "occurrences": 6,
            "tag": "w",
            "text": "with",
            "type": "word",
          },
          {
            "text": " ",
            "type": "text",
          },
          {
            "occurrence": 1,
            "occurrences": 1,
            "tag": "w",
            "text": "them",
            "type": "word",
          },
        ],
        "content": "ἀφώριζεν",
        "endTag": "zaln-e\\*",
        "lemma": "ἀφορίζω",
        "morph": "Gr,V,IIA3,,S,",
        "occurrence": 1,
        "occurrences": 1,
        "ref": "2:12",
        "strong": "G08730",
        "tag": "zaln",
        "type": "milestone",
      },
      {
        "text": " ",
        "type": "text",
      },
      {
        "children": [
          {
            "occurrence": 1,
            "occurrences": 1,
            "tag": "w",
            "text": "because",
            "type": "word",
          },
          {
            "text": " ",
            "type": "text",
          },
          {
            "occurrence": 2,
            "occurrences": 3,
            "tag": "w",
            "text": "he",
            "type": "word",
          },
          {
            "text": " ",
            "type": "text",
          },
          {
            "occurrence": 1,
            "occurrences": 6,
            "tag": "w",
            "text": "was",
            "type": "word",
          },
          {
            "text": " ",
            "type": "text",
          },
          {
            "occurrence": 1,
            "occurrences": 1,
            "tag": "w",
            "text": "afraid",
            "type": "word",
          },
          {
            "text": " ",
            "type": "text",
          },
          {
            "occurrence": 3,
            "occurrences": 6,
            "tag": "w",
            "text": "that",
            "type": "word",
          },
        ],
        "content": "φοβούμενος",
        "endTag": "zaln-e\\*",
        "lemma": "φοβέω",
        "morph": "Gr,V,PPM,NMS,",
        "occurrence": 1,
        "occurrences": 1,
        "ref": "2:12",
        "strong": "G53990",
        "tag": "zaln",
        "type": "milestone",
      },
      {
        "text": " ",
        "type": "text",
      },
      {
        "children": [
          {
            "children": [
              {
                "children": [
                  {
                    "occurrence": 7,
                    "occurrences": 11,
                    "tag": "w",
                    "text": "the",
                    "type": "word",
                  },
                  {
                    "text": " ",
                    "type": "text",
                  },
                  {
                    "occurrence": 1,
                    "occurrences": 1,
                    "tag": "w",
                    "text": "unbelieving",
                    "type": "word",
                  },
                  {
                    "text": " ",
                    "type": "text",
                  },
                  {
                    "occurrence": 3,
                    "occurrences": 3,
                    "tag": "w",
                    "text": "Jews",
                    "type": "word",
                  },
                ],
                "content": "περιτομῆς",
                "endTag": "zaln-e\\*",
                "lemma": "περιτομή",
                "morph": "Gr,N,,,,,GFS,",
                "occurrence": 1,
                "occurrences": 1,
                "ref": "2:12",
                "strong": "G40610",
                "tag": "zaln",
                "type": "milestone",
              },
            ],
            "content": "ἐκ",
            "endTag": "zaln-e\\*",
            "lemma": "ἐκ",
            "morph": "Gr,P,,,,,G,,,",
            "occurrence": 1,
            "occurrences": 1,
            "ref": "2:12",
            "strong": "G15370",
            "tag": "zaln",
            "type": "milestone",
          },
        ],
        "content": "τοὺς",
        "endTag": "zaln-e\\*",
        "lemma": "ὁ",
        "morph": "Gr,RD,,,,AMP,",
        "occurrence": 1,
        "occurrences": 1,
        "ref": "2:12",
        "strong": "G35880",
        "tag": "zaln",
        "type": "milestone",
      },
      {
        "text": " {",
        "type": "text",
      },
      {
        "children": [
          {
            "children": [
              {
                "children": [
                  {
                    "occurrence": 2,
                    "occurrences": 2,
                    "tag": "w",
                    "text": "would",
                    "type": "word",
                  },
                  {
                    "text": " ",
                    "type": "text",
                  },
                  {
                    "occurrence": 1,
                    "occurrences": 1,
                    "tag": "w",
                    "text": "persecute",
                    "type": "word",
                  },
                  {
                    "text": " ",
                    "type": "text",
                  },
                  {
                    "occurrence": 6,
                    "occurrences": 9,
                    "tag": "w",
                    "text": "believers",
                    "type": "word",
                  },
                ],
                "content": "περιτομῆς",
                "endTag": "zaln-e\\*",
                "lemma": "περιτομή",
                "morph": "Gr,N,,,,,GFS,",
                "occurrence": 1,
                "occurrences": 1,
                "ref": "2:12",
                "strong": "G40610",
                "tag": "zaln",
                "type": "milestone",
              },
            ],
            "content": "ἐκ",
            "endTag": "zaln-e\\*",
            "lemma": "ἐκ",
            "morph": "Gr,P,,,,,G,,,",
            "occurrence": 1,
            "occurrences": 1,
            "ref": "2:12",
            "strong": "G15370",
            "tag": "zaln",
            "type": "milestone",
          },
        ],
        "content": "τοὺς",
        "endTag": "zaln-e\\*",
        "lemma": "ὁ",
        "morph": "Gr,RD,,,,AMP,",
        "occurrence": 1,
        "occurrences": 1,
        "ref": "2:12",
        "strong": "G35880",
        "tag": "zaln",
        "type": "milestone",
      },
      {
        "text": "}. ",
        "type": "text",
      },
      {
        "children": [
          {
            "occurrence": 1,
            "occurrences": 1,
            "tag": "w",
            "text": "Also",
            "type": "word",
          },
        ],
        "content": "λοιποὶ",
        "endTag": "zaln-e\\*",
        "lemma": "λοιπός",
        "morph": "Gr,EQ,,,,NMP,",
        "occurrence": 1,
        "occurrences": 1,
        "ref": "2:13",
        "strong": "G30620",
        "tag": "zaln",
        "type": "milestone",
      },
      {
        "text": ", ",
        "type": "text",
      },
      {
        "children": [
          {
            "occurrence": 8,
            "occurrences": 11,
            "tag": "w",
            "text": "the",
            "type": "word",
          },
        ],
        "content": "οἱ",
        "endTag": "zaln-e\\*",
        "lemma": "ὁ",
        "morph": "Gr,EA,,,,NMP,",
        "occurrence": 1,
        "occurrences": 1,
        "ref": "2:13",
        "strong": "G35880",
        "tag": "zaln",
        "type": "milestone",
      },
      {
        "text": " ",
        "type": "text",
      },
      {
        "children": [
          {
            "occurrence": 1,
            "occurrences": 1,
            "tag": "w",
            "text": "other",
            "type": "word",
          },
        ],
        "content": "λοιποὶ",
        "endTag": "zaln-e\\*",
        "lemma": "λοιπός",
        "morph": "Gr,EQ,,,,NMP,",
        "occurrence": 1,
        "occurrences": 1,
        "ref": "2:13",
        "strong": "G30620",
        "tag": "zaln",
        "type": "milestone",
      },
      {
        "text": " ",
        "type": "text",
      },
      {
        "children": [
          {
            "occurrence": 6,
            "occurrences": 8,
            "tag": "w",
            "text": "Jewish",
            "type": "word",
          },
          {
            "text": " ",
            "type": "text",
          },
          {
            "occurrence": 7,
            "occurrences": 9,
            "tag": "w",
            "text": "believers",
            "type": "word",
          },
          {
            "text": " ",
            "type": "text",
          },
          {
            "occurrence": 4,
            "occurrences": 4,
            "tag": "w",
            "text": "who",
            "type": "word",
          },
          {
            "text": " ",
            "type": "text",
          },
          {
            "occurrence": 6,
            "occurrences": 6,
            "tag": "w",
            "text": "were",
            "type": "word",
          },
          {
            "text": " ",
            "type": "text",
          },
          {
            "occurrence": 3,
            "occurrences": 5,
            "tag": "w",
            "text": "in",
            "type": "word",
          },
          {
            "text": " ",
            "type": "text",
          },
          {
            "occurrence": 3,
            "occurrences": 4,
            "tag": "w",
            "text": "Antioch",
            "type": "word",
          },
        ],
        "content": "Ἰουδαῖοι",
        "endTag": "zaln-e\\*",
        "lemma": "Ἰουδαῖος",
        "morph": "Gr,NS,,,,NMP,",
        "occurrence": 1,
        "occurrences": 1,
        "ref": "2:13",
        "strong": "G24530",
        "tag": "zaln",
        "type": "milestone",
      },
      {
        "text": " ",
        "type": "text",
      },
      {
        "children": [
          {
            "occurrence": 1,
            "occurrences": 1,
            "tag": "w",
            "text": "acted",
            "type": "word",
          },
          {
            "text": " ",
            "type": "text",
          },
          {
            "occurrence": 4,
            "occurrences": 5,
            "tag": "w",
            "text": "in",
            "type": "word",
          },
          {
            "text": " ",
            "type": "text",
          },
          {
            "occurrence": 1,
            "occurrences": 1,
            "tag": "w",
            "text": "a",
            "type": "word",
          },
          {
            "text": " ",
            "type": "text",
          },
          {
            "occurrence": 1,
            "occurrences": 1,
            "tag": "w",
            "text": "way",
            "type": "word",
          },
          {
            "text": " ",
            "type": "text",
          },
          {
            "occurrence": 4,
            "occurrences": 6,
            "tag": "w",
            "text": "that",
            "type": "word",
          },
          {
            "text": " ",
            "type": "text",
          },
          {
            "occurrence": 2,
            "occurrences": 4,
            "tag": "w",
            "text": "they",
            "type": "word",
          },
          {
            "text": " ",
            "type": "text",
          },
          {
            "occurrence": 1,
            "occurrences": 1,
            "tag": "w",
            "text": "knew",
            "type": "word",
          },
          {
            "text": " ",
            "type": "text",
          },
          {
            "occurrence": 2,
            "occurrences": 6,
            "tag": "w",
            "text": "was",
            "type": "word",
          },
          {
            "text": " ",
            "type": "text",
          },
          {
            "occurrence": 3,
            "occurrences": 3,
            "tag": "w",
            "text": "not",
            "type": "word",
          },
          {
            "text": " ",
            "type": "text",
          },
          {
            "occurrence": 1,
            "occurrences": 1,
            "tag": "w",
            "text": "right",
            "type": "word",
          },
          {
            "text": ", ",
            "type": "text",
          },
          {
            "occurrence": 1,
            "occurrences": 1,
            "tag": "w",
            "text": "along",
            "type": "word",
          },
          {
            "text": " ",
            "type": "text",
          },
          {
            "occurrence": 5,
            "occurrences": 6,
            "tag": "w",
            "text": "with",
            "type": "word",
          },
        ],
        "content": "συνυπεκρίθησαν",
        "endTag": "zaln-e\\*",
        "lemma": "συνυποκρίνομαι",
        "morph": "Gr,V,IAP3,,P,",
        "occurrence": 1,
        "occurrences": 1,
        "ref": "2:13",
        "strong": "G49420",
        "tag": "zaln",
        "type": "milestone",
      },
      {
        "text": " ",
        "type": "text",
      },
      {
        "children": [
          {
            "occurrence": 3,
            "occurrences": 4,
            "tag": "w",
            "text": "Peter",
            "type": "word",
          },
        ],
        "content": "αὐτῷ",
        "endTag": "zaln-e\\*",
        "lemma": "αὐτός",
        "morph": "Gr,RP,,,3DMS,",
        "occurrence": 1,
        "occurrences": 1,
        "ref": "2:13",
        "strong": "G08460",
        "tag": "zaln",
        "type": "milestone",
      },
      {
        "text": "{, ",
        "type": "text",
      },
      {
        "children": [
          {
            "occurrence": 2,
            "occurrences": 2,
            "tag": "w",
            "text": "when",
            "type": "word",
          },
          {
            "text": " ",
            "type": "text",
          },
          {
            "occurrence": 3,
            "occurrences": 4,
            "tag": "w",
            "text": "they",
            "type": "word",
          },
          {
            "text": " ",
            "type": "text",
          },
          {
            "occurrence": 1,
            "occurrences": 1,
            "tag": "w",
            "text": "separated",
            "type": "word",
          },
          {
            "text": " ",
            "type": "text",
          },
          {
            "occurrence": 1,
            "occurrences": 1,
            "tag": "w",
            "text": "themselves",
            "type": "word",
          },
          {
            "text": " ",
            "type": "text",
          },
          {
            "occurrence": 1,
            "occurrences": 1,
            "tag": "w",
            "text": "from",
            "type": "word",
          },
          {
            "text": " ",
            "type": "text",
          },
          {
            "occurrence": 9,
            "occurrences": 11,
            "tag": "w",
            "text": "the",
            "type": "word",
          },
          {
            "text": " ",
            "type": "text",
          },
          {
            "occurrence": 4,
            "occurrences": 5,
            "tag": "w",
            "text": "non",
            "type": "word",
          },
          {
            "text": "-",
            "type": "text",
          },
          {
            "occurrence": 7,
            "occurrences": 8,
            "tag": "w",
            "text": "Jewish",
            "type": "word",
          },
          {
            "text": " ",
            "type": "text",
          },
          {
            "occurrence": 8,
            "occurrences": 9,
            "tag": "w",
            "text": "believers",
            "type": "word",
          },
        ],
        "content": "συνυπεκρίθησαν",
        "endTag": "zaln-e\\*",
        "lemma": "συνυποκρίνομαι",
        "morph": "Gr,V,IAP3,,P,",
        "occurrence": 1,
        "occurrences": 1,
        "ref": "2:13",
        "strong": "G49420",
        "tag": "zaln",
        "type": "milestone",
      },
      {
        "text": "}. ",
        "type": "text",
      },
      {
        "children": [
          {
            "occurrence": 1,
            "occurrences": 1,
            "tag": "w",
            "text": "The",
            "type": "word",
          },
          {
            "text": " ",
            "type": "text",
          },
          {
            "occurrence": 1,
            "occurrences": 1,
            "tag": "w",
            "text": "result",
            "type": "word",
          },
          {
            "text": " ",
            "type": "text",
          },
          {
            "occurrence": 3,
            "occurrences": 6,
            "tag": "w",
            "text": "was",
            "type": "word",
          },
          {
            "text": " ",
            "type": "text",
          },
          {
            "occurrence": 5,
            "occurrences": 6,
            "tag": "w",
            "text": "that",
            "type": "word",
          },
        ],
        "content": "ὥστε",
        "endTag": "zaln-e\\*",
        "lemma": "ὥστε",
        "morph": "Gr,CS,,,,,,,,",
        "occurrence": 1,
        "occurrences": 1,
        "ref": "2:13",
        "strong": "G56200",
        "tag": "zaln",
        "type": "milestone",
      },
      {
        "text": " {",
        "type": "text",
      },
      {
        "children": [
          {
            "occurrence": 4,
            "occurrences": 4,
            "tag": "w",
            "text": "they",
            "type": "word",
          },
          {
            "text": " ",
            "type": "text",
          },
          {
            "occurrence": 1,
            "occurrences": 1,
            "tag": "w",
            "text": "convinced",
            "type": "word",
          },
        ],
        "content": "συναπήχθη",
        "endTag": "zaln-e\\*",
        "lemma": "συναπάγω",
        "morph": "Gr,V,IAP3,,S,",
        "occurrence": 1,
        "occurrences": 1,
        "ref": "2:13",
        "strong": "G48790",
        "tag": "zaln",
        "type": "milestone",
      },
      {
        "text": "} ",
        "type": "text",
      },
      {
        "children": [
          {
            "occurrence": 1,
            "occurrences": 1,
            "tag": "w",
            "text": "even",
            "type": "word",
          },
        ],
        "content": "καὶ",
        "endTag": "zaln-e\\*",
        "lemma": "καί",
        "morph": "Gr,D,,,,,,,,,",
        "occurrence": 2,
        "occurrences": 3,
        "ref": "2:13",
        "strong": "G25320",
        "tag": "zaln",
        "type": "milestone",
      },
      {
        "text": " ",
        "type": "text",
      },
      {
        "children": [
          {
            "occurrence": 1,
            "occurrences": 1,
            "tag": "w",
            "text": "Barnabas",
            "type": "word",
          },
        ],
        "content": "Βαρναβᾶς",
        "endTag": "zaln-e\\*",
        "lemma": "Βαρναβᾶς",
        "morph": "Gr,N,,,,,NMS,",
        "occurrence": 1,
        "occurrences": 1,
        "ref": "2:13",
        "strong": "G09210",
        "tag": "zaln",
        "type": "milestone",
      },
      {
        "text": " ",
        "type": "text",
      },
      {
        "children": [
          {
            "children": [
              {
                "children": [
                  {
                    "occurrence": 3,
                    "occurrences": 3,
                    "tag": "w",
                    "text": "to",
                    "type": "word",
                  },
                  {
                    "text": " ",
                    "type": "text",
                  },
                  {
                    "occurrence": 1,
                    "occurrences": 1,
                    "tag": "w",
                    "text": "stop",
                    "type": "word",
                  },
                  {
                    "text": " ",
                    "type": "text",
                  },
                  {
                    "occurrence": 1,
                    "occurrences": 1,
                    "tag": "w",
                    "text": "associating",
                    "type": "word",
                  },
                  {
                    "text": " ",
                    "type": "text",
                  },
                  {
                    "occurrence": 6,
                    "occurrences": 6,
                    "tag": "w",
                    "text": "with",
                    "type": "word",
                  },
                  {
                    "text": " ",
                    "type": "text",
                  },
                  {
                    "occurrence": 10,
                    "occurrences": 11,
                    "tag": "w",
                    "text": "the",
                    "type": "word",
                  },
                  {
                    "text": " ",
                    "type": "text",
                  },
                  {
                    "occurrence": 5,
                    "occurrences": 5,
                    "tag": "w",
                    "text": "non",
                    "type": "word",
                  },
                  {
                    "text": "-",
                    "type": "text",
                  },
                  {
                    "occurrence": 8,
                    "occurrences": 8,
                    "tag": "w",
                    "text": "Jewish",
                    "type": "word",
                  },
                  {
                    "text": " ",
                    "type": "text",
                  },
                  {
                    "occurrence": 9,
                    "occurrences": 9,
                    "tag": "w",
                    "text": "believers",
                    "type": "word",
                  },
                ],
                "content": "ὑποκρίσει",
                "endTag": "zaln-e\\*",
                "lemma": "ὑπόκρισις",
                "morph": "Gr,N,,,,,DFS,",
                "occurrence": 1,
                "occurrences": 1,
                "ref": "2:13",
                "strong": "G52720",
                "tag": "zaln",
                "type": "milestone",
              },
            ],
            "content": "τῇ",
            "endTag": "zaln-e\\*",
            "lemma": "ὁ",
            "morph": "Gr,EA,,,,DFS,",
            "occurrence": 1,
            "occurrences": 1,
            "ref": "2:13",
            "strong": "G35880",
            "tag": "zaln",
            "type": "milestone",
          },
        ],
        "content": "αὐτῶν",
        "endTag": "zaln-e\\*",
        "lemma": "αὐτός",
        "morph": "Gr,RP,,,3GMP,",
        "occurrence": 1,
        "occurrences": 1,
        "ref": "2:13",
        "strong": "G08460",
        "tag": "zaln",
        "type": "milestone",
      },
      {
        "text": "! ",
        "type": "text",
      },
      {
        "children": [
          {
            "occurrence": 1,
            "occurrences": 1,
            "tag": "w",
            "text": "But",
            "type": "word",
          },
        ],
        "content": "δὲ",
        "endTag": "zaln-e\\*",
        "lemma": "δέ",
        "morph": "Gr,CC,,,,,,,,",
        "occurrence": 1,
        "occurrences": 1,
        "ref": "2:11",
        "strong": "G11610",
        "tag": "zaln",
        "type": "milestone",
      },
      {
        "text": " ",
        "type": "text",
      },
      {
        "children": [
          {
            "children": [
              {
                "occurrence": 1,
                "occurrences": 1,
                "tag": "w",
                "text": "later",
                "type": "word",
              },
            ],
            "content": "δὲ",
            "endTag": "zaln-e\\*",
            "lemma": "δέ",
            "morph": "Gr,CC,,,,,,,,",
            "occurrence": 1,
            "occurrences": 1,
            "ref": "2:12",
            "strong": "G11610",
            "tag": "zaln",
            "type": "milestone",
          },
        ],
        "content": "ὅτε",
        "endTag": "zaln-e\\*",
        "lemma": "ὅτε",
        "morph": "Gr,CS,,,,,,,,",
        "occurrence": 1,
        "occurrences": 1,
        "ref": "2:11",
        "strong": "G37530",
        "tag": "zaln",
        "type": "milestone",
      },
      {
        "text": " {",
        "type": "text",
      },
      {
        "children": [
          {
            "children": [
              {
                "occurrence": 1,
                "occurrences": 1,
                "tag": "w",
                "text": "while",
                "type": "word",
              },
              {
                "text": " ",
                "type": "text",
              },
              {
                "occurrence": 1,
                "occurrences": 2,
                "tag": "w",
                "text": "I",
                "type": "word",
              },
              {
                "text": " ",
                "type": "text",
              },
              {
                "occurrence": 4,
                "occurrences": 6,
                "tag": "w",
                "text": "was",
                "type": "word",
              },
              {
                "text": " ",
                "type": "text",
              },
              {
                "occurrence": 5,
                "occurrences": 5,
                "tag": "w",
                "text": "in",
                "type": "word",
              },
              {
                "text": " ",
                "type": "text",
              },
              {
                "occurrence": 11,
                "occurrences": 11,
                "tag": "w",
                "text": "the",
                "type": "word",
              },
              {
                "text": " ",
                "type": "text",
              },
              {
                "occurrence": 1,
                "occurrences": 1,
                "tag": "w",
                "text": "city",
                "type": "word",
              },
              {
                "text": " ",
                "type": "text",
              },
              {
                "occurrence": 2,
                "occurrences": 2,
                "tag": "w",
                "text": "of",
                "type": "word",
              },
              {
                "text": " ",
                "type": "text",
              },
              {
                "occurrence": 4,
                "occurrences": 4,
                "tag": "w",
                "text": "Antioch",
                "type": "word",
              },
            ],
            "content": "δὲ",
            "endTag": "zaln-e\\*",
            "lemma": "δέ",
            "morph": "Gr,CC,,,,,,,,",
            "occurrence": 1,
            "occurrences": 1,
            "ref": "2:12",
            "strong": "G11610",
            "tag": "zaln",
            "type": "milestone",
          },
        ],
        "content": "ὅτε",
        "endTag": "zaln-e\\*",
        "lemma": "ὅτε",
        "morph": "Gr,CS,,,,,,,,",
        "occurrence": 1,
        "occurrences": 1,
        "ref": "2:11",
        "strong": "G37530",
        "tag": "zaln",
        "type": "milestone",
      },
      {
        "text": ",} ",
        "type": "text",
      },
      {
        "children": [
          {
            "children": [
              {
                "occurrence": 1,
                "occurrences": 1,
                "tag": "w",
                "text": "after",
                "type": "word",
              },
            ],
            "content": "δὲ",
            "endTag": "zaln-e\\*",
            "lemma": "δέ",
            "morph": "Gr,CC,,,,,,,,",
            "occurrence": 1,
            "occurrences": 1,
            "ref": "2:12",
            "strong": "G11610",
            "tag": "zaln",
            "type": "milestone",
          },
        ],
        "content": "ὅτε",
        "endTag": "zaln-e\\*",
        "lemma": "ὅτε",
        "morph": "Gr,CS,,,,,,,,",
        "occurrence": 1,
        "occurrences": 1,
        "ref": "2:11",
        "strong": "G37530",
        "tag": "zaln",
        "type": "milestone",
      },
      {
        "text": " ",
        "type": "text",
      },
      {
        "children": [
          {
            "occurrence": 4,
            "occurrences": 4,
            "tag": "w",
            "text": "Peter",
            "type": "word",
          },
        ],
        "content": "Κηφᾶς",
        "endTag": "zaln-e\\*",
        "lemma": "Κηφᾶς",
        "morph": "Gr,N,,,,,NMS,",
        "occurrence": 1,
        "occurrences": 1,
        "ref": "2:11",
        "strong": "G27860",
        "tag": "zaln",
        "type": "milestone",
      },
      {
        "text": " ",
        "type": "text",
      },
      {
        "children": [
          {
            "occurrence": 2,
            "occurrences": 2,
            "tag": "w",
            "text": "came",
            "type": "word",
          },
        ],
        "content": "ἦλθεν",
        "endTag": "zaln-e\\*",
        "lemma": "ἔρχομαι",
        "morph": "Gr,V,IAA3,,S,",
        "occurrence": 1,
        "occurrences": 1,
        "ref": "2:11",
        "strong": "G20640",
        "tag": "zaln",
        "type": "milestone",
      },
      {
        "text": " ",
        "type": "text",
      },
      {
        "children": [
          {
            "occurrence": 3,
            "occurrences": 3,
            "tag": "w",
            "text": "there",
            "type": "word",
          },
        ],
        "content": "Ἀντιόχειαν",
        "endTag": "zaln-e\\*",
        "lemma": "Ἀντιόχεια",
        "morph": "Gr,N,,,,,AFS,",
        "occurrence": 1,
        "occurrences": 1,
        "ref": "2:11",
        "strong": "G04900",
        "tag": "zaln",
        "type": "milestone",
      },
      {
        "text": ", ",
        "type": "text",
      },
      {
        "children": [
          {
            "occurrence": 2,
            "occurrences": 2,
            "tag": "w",
            "text": "I",
            "type": "word",
          },
          {
            "text": " ",
            "type": "text",
          },
          {
            "occurrence": 1,
            "occurrences": 1,
            "tag": "w",
            "text": "told",
            "type": "word",
          },
        ],
        "content": "ἀντέστην",
        "endTag": "zaln-e\\*",
        "lemma": "ἀνθίστημι",
        "morph": "Gr,V,IAA1,,S,",
        "occurrence": 1,
        "occurrences": 1,
        "ref": "2:11",
        "strong": "G04360",
        "tag": "zaln",
        "type": "milestone",
      },
      {
        "text": " ",
        "type": "text",
      },
      {
        "children": [
          {
            "occurrence": 1,
            "occurrences": 1,
            "tag": "w",
            "text": "him",
            "type": "word",
          },
        ],
        "content": "αὐτῷ",
        "endTag": "zaln-e\\*",
        "lemma": "αὐτός",
        "morph": "Gr,RP,,,3DMS,",
        "occurrence": 1,
        "occurrences": 1,
        "ref": "2:11",
        "strong": "G08460",
        "tag": "zaln",
        "type": "milestone",
      },
      {
        "text": " ",
        "type": "text",
      },
      {
        "children": [
          {
            "children": [
              {
                "occurrence": 1,
                "occurrences": 1,
                "tag": "w",
                "text": "directly",
                "type": "word",
              },
            ],
            "content": "πρόσωπον",
            "endTag": "zaln-e\\*",
            "lemma": "πρόσωπον",
            "morph": "Gr,N,,,,,ANS,",
            "occurrence": 1,
            "occurrences": 1,
            "ref": "2:11",
            "strong": "G43830",
            "tag": "zaln",
            "type": "milestone",
          },
        ],
        "content": "κατὰ",
        "endTag": "zaln-e\\*",
        "lemma": "κατά",
        "morph": "Gr,P,,,,,A,,,",
        "occurrence": 1,
        "occurrences": 1,
        "ref": "2:11",
        "strong": "G25960",
        "tag": "zaln",
        "type": "milestone",
      },
      {
        "text": " ",
        "type": "text",
      },
      {
        "children": [
          {
            "occurrence": 6,
            "occurrences": 6,
            "tag": "w",
            "text": "that",
            "type": "word",
          },
        ],
        "content": "ὅτι",
        "endTag": "zaln-e\\*",
        "lemma": "ὅτι",
        "morph": "Gr,CS,,,,,,,,",
        "occurrence": 1,
        "occurrences": 1,
        "ref": "2:11",
        "strong": "G37540",
        "tag": "zaln",
        "type": "milestone",
      },
      {
        "text": " ",
        "type": "text",
      },
      {
        "children": [
          {
            "children": [
              {
                "occurrence": 2,
                "occurrences": 2,
                "tag": "w",
                "text": "what",
                "type": "word",
              },
              {
                "text": " ",
                "type": "text",
              },
              {
                "occurrence": 3,
                "occurrences": 3,
                "tag": "w",
                "text": "he",
                "type": "word",
              },
              {
                "text": " ",
                "type": "text",
              },
              {
                "occurrence": 5,
                "occurrences": 6,
                "tag": "w",
                "text": "was",
                "type": "word",
              },
              {
                "text": " ",
                "type": "text",
              },
              {
                "occurrence": 1,
                "occurrences": 1,
                "tag": "w",
                "text": "doing",
                "type": "word",
              },
              {
                "text": " ",
                "type": "text",
              },
              {
                "occurrence": 6,
                "occurrences": 6,
                "tag": "w",
                "text": "was",
                "type": "word",
              },
              {
                "text": " ",
                "type": "text",
              },
              {
                "occurrence": 1,
                "occurrences": 1,
                "tag": "w",
                "text": "wrong",
                "type": "word",
              },
            ],
            "content": "ἦν",
            "endTag": "zaln-e\\*",
            "lemma": "εἰμί",
            "morph": "Gr,V,IIA3,,S,",
            "occurrence": 1,
            "occurrences": 1,
            "ref": "2:11",
            "strong": "G15100",
            "tag": "zaln",
            "type": "milestone",
          },
        ],
        "content": "κατεγνωσμένος",
        "endTag": "zaln-e\\*",
        "lemma": "καταγινώσκω",
        "morph": "Gr,V,PEP,NMS,",
        "occurrence": 1,
        "occurrences": 1,
        "ref": "2:11",
        "strong": "G26070",
        "tag": "zaln",
        "type": "milestone",
      },
      {
        "text": ". 
",
        "type": "text",
      },
    ],
  },
  "verseLabel": "11-13",
}
`;
